---
source: tui/src/latex_renderer_tests.rs
expression: snapshot
---
•  Kind       Value
  ━━━━━━━━━  ━━━━━━━━━━━━━━━━━━━━━━━━━━━━━━━━━━━━━━━━━━━
   first      before x² after
  ─────────  ───────────────────────────────────────────
   second     ▧▧▧▧▧
  ─────────  ───────────────────────────────────────────
   literal    \(code\) and linked (https://example.com)
