---
source: tui/src/latex_renderer_tests.rs
expression: snapshot
---
•  Kind       Value
  ━━━━━━━━━  ━━━━━━━━━━━━━━━━━━━━━━━━━━━━━━━━━━━━━━━━━━
   first      before ▧▧▧▧▧ after
  ─────────  ──────────────────────────────────────────
   second     ▧▧▧▧▧
  ─────────  ──────────────────────────────────────────
   literal    \(code\) and ▧▧▧▧▧ (https://example.com)
